
> my-v0-project@0.1.0 build
> next build

